d:\learning\audio_nn\audio_nn\audio_nn\x64\debug\vc143.pdb
d:\learning\audio_nn\audio_nn\audio_nn\x64\debug\vc143.idb
d:\learning\audio_nn\audio_nn\audio_nn\x64\debug\audio_main.obj
d:\learning\audio_nn\audio_nn\audio_nn\x64\debug\linear.obj
d:\learning\audio_nn\audio_nn\audio_nn\x64\debug\abs.obj
d:\learning\audio_nn\audio_nn\audio_nn\x64\debug\debug.obj
d:\learning\audio_nn\audio_nn\audio_nn\x64\debug\tensor.obj
d:\learning\audio_nn\audio_nn\audio_nn\x64\debug\conv.obj
d:\learning\audio_nn\audio_nn\audio_nn\x64\debug\batchnorm.obj
d:\learning\audio_nn\audio_nn\audio_nn\x64\debug\leakyrelu.obj
d:\learning\audio_nn\audio_nn\x64\debug\audio_nn.exe
d:\learning\audio_nn\audio_nn\x64\debug\audio_nn.pdb
d:\learning\audio_nn\audio_nn\audio_nn\x64\debug\audio_nn.ilk
d:\learning\audio_nn\audio_nn\audio_nn\x64\debug\net.obj
d:\learning\audio_nn\audio_nn\audio_nn\x64\debug\audio_nn.tlog\cl.command.1.tlog
d:\learning\audio_nn\audio_nn\audio_nn\x64\debug\audio_nn.tlog\cl.items.tlog
d:\learning\audio_nn\audio_nn\audio_nn\x64\debug\audio_nn.tlog\cl.read.1.tlog
d:\learning\audio_nn\audio_nn\audio_nn\x64\debug\audio_nn.tlog\cl.write.1.tlog
d:\learning\audio_nn\audio_nn\audio_nn\x64\debug\audio_nn.tlog\link.command.1.tlog
d:\learning\audio_nn\audio_nn\audio_nn\x64\debug\audio_nn.tlog\link.read.1.tlog
d:\learning\audio_nn\audio_nn\audio_nn\x64\debug\audio_nn.tlog\link.secondary.1.tlog
d:\learning\audio_nn\audio_nn\audio_nn\x64\debug\audio_nn.tlog\link.write.1.tlog
